

********************************************************************
Performing GEVP analysis with :
Manifest file 48_48_3.31_ud-0.09933_s-0.04.list

********************************************************************
Performing Local pion operator analysis :
reading samples... done
resampling... done
computing effective mass... done
fitting plateau... 
done
Pion analysis : 
E_COM = 0.0638537 (0.10836 GeV) +- 0.00158665 (0.00269254 GeV)
********************************************************************



********************************************************************
Performing Local rho operator analysis :
reading samples... done
resampling... done
computing effective mass... done
fitting plateau... 
done
Rho analysis : 
E_COM = 0.41785 (0.709092 GeV) +- 0.0331922 (0.0563272 GeV)
********************************************************************



********************************************************************
Performing rho-pipi GEVP analysis :
reading samples... done
resampling... done
computing gev effective masses... done
fitting plateaus... 
done
GEVP analysis : 
E0_COM = 0.562586 (0.954708 GeV) +- 0.0159626 (0.0270885 GeV)
E1_COM = 0.497602 (0.844431 GeV) +- 0.0130677 (0.0221759 GeV)
E2_COM = 0.445693 (0.756341 GeV) +- 0.0220778 (0.0374661 GeV)
E3_COM = 0.398223 (0.675784 GeV) +- 0.0048066 (0.00815679 GeV)
E4_COM = 0.299282 (0.507882 GeV) +- 0.00308896 (0.00524196 GeV)
********************************************************************



********************************************************************
Performing Luscher analysis with levels 0 and 1 :
Coupling parameters : 
g2 = 107.562  +- 659.314
Mrho2 = 0.304303  +- 0.244625

g = 7.9806 +- 6.62525
Mrho = 0.53937 (0.915311 GeV) +- 0.0133893 (0.196364 GeV)
********************************************************************


********************************************************************
Performing Luscher analysis with levels 0 and 2 :
Coupling parameters : 
g2 = 777.372  +- 13498.9
Mrho2 = 0.651626  +- 9.54568

g = 12.9978 +- 24.6725
Mrho = 0.570398 (0.967965 GeV) +- 0.326436 (0.969573 GeV)
********************************************************************


********************************************************************
Performing Luscher analysis with levels 0 and 3 :
Coupling parameters : 
g2 = 35.6002  +- 265.198
Mrho2 = 0.326773  +- 1.22583

g = 5.14522 +- 3.02183
Mrho = 0.546048 (0.926643 GeV) +- 0.0286191 (0.287085 GeV)
********************************************************************


********************************************************************
Performing Luscher analysis with levels 0 and 4 :
Coupling parameters : 
g2 = 138.836  +- 808.175
Mrho2 = 0.333157  +- 1.08041

g = 9.90152 +- 6.38878
Mrho = 0.532232 (0.903198 GeV) +- 0.0499108 (0.379122 GeV)
********************************************************************


********************************************************************
Performing Luscher analysis with levels 1 and 2 :
Coupling parameters : 
g2 = 175.849  +- 1038.17
Mrho2 = 0.326194  +- 1.12834

g = 8.51155 +- 10.1712
Mrho = 0.501111 (0.850385 GeV) +- 0.0751192 (0.465112 GeV)
********************************************************************


********************************************************************
Performing Luscher analysis with levels 1 and 3 :
Coupling parameters : 
g2 = 28.4546  +- 107.322
Mrho2 = 0.280197  +- 0.348194

g = 4.68683 +- 2.54784
Mrho = 0.518741 (0.880304 GeV) +- 0.0111106 (0.178876 GeV)
********************************************************************


********************************************************************
Performing Luscher analysis with levels 1 and 4 :
Coupling parameters : 
g2 = 323.943  +- 1850.37
Mrho2 = 0.616884  +- 2.69391

g = 13.6901 +- 11.6873
Mrho = 0.657773 (1.11624 GeV) +- 0.184311 (0.728547 GeV)
********************************************************************


********************************************************************
Performing Luscher analysis with levels 2 and 3 :
Coupling parameters : 
g2 = 68.4078  +- 1503.65
Mrho2 = 0.353501  +- 3.75884

g = 3.37238 +- 7.55404
Mrho = 0.465729 (0.790342 GeV) +- 0.136665 (0.627352 GeV)
********************************************************************


********************************************************************
Performing Luscher analysis with levels 2 and 4 :
Coupling parameters : 
g2 = 206.194  +- 2485.9
Mrho2 = 0.437995  +- 4.579

g = 9.05807 +- 11.1448
Mrho = 0.482764 (0.819251 GeV) +- 0.205036 (0.768417 GeV)
********************************************************************


********************************************************************
Performing Luscher analysis with levels 3 and 4 :
Coupling parameters : 
g2 = 63.8263  +- 415.667
Mrho2 = 0.177233  +- 1.36213

g = 5.7365 +- 5.56187
Mrho = 0.286178 (0.485644 GeV) +- 0.0953827 (0.524103 GeV)
********************************************************************

