

********************************************************************
Performing GEVP analysis with :
Manifest file 48_32_3.31_ud-0.09756_s-0.04.list
L = 32
T = 48
beta = 3.31
frame = 0
t0 = 4
nboot = 2000
local fit range = {7, 10}
gevp fit range = {6, 9}
********************************************************************

********************************************************************
Performing Local pion operator analysis :
reading samples... done
resampling... done
computing effective mass... done
fitting plateau... 
done
Pion analysis : 
E_COM = 0.124278 (0.210899 GeV) +- 0.00211895 (0.00359585 GeV)
********************************************************************



********************************************************************
Performing Local rho operator analysis :
reading samples... done
resampling... done
computing effective mass... done
fitting plateau... 
done
Rho analysis : 
E_COM = 0.531344 (0.901691 GeV) +- 0.0270748 (0.0459459 GeV)
********************************************************************



********************************************************************
Performing rho-pipi GEVP analysis :
initializing... 
reading samples... done
ngev=2
resampling... done
computing pipi effective masses... done
initializing done

using t0 = 4
computing gev effective masses... done
fitting plateaus... done
GEVP analysis (t0 = 4): 
E0_COM = 0.519605 (0.88177 GeV) +- 0.022916 (0.0388885 GeV)
E1_COM = 0.443549 (0.752703 GeV) +- 0.00823579 (0.0139761 GeV)
********************************************************************



********************************************************************
Computing cotg(delta) with Luscher formula: 
E	q	q2	cotd	cotd_err	sin2d	sin2d_err
0.519605 1.16196 1.35015 -0.525105 1.97065 0.705922 0.273943
0.443549 0.935484 0.87513 3.08904 5.72931 0.162113 0.108198

--------------------------------------------------------------------
Performing Luscher analysis with levels 0 and 1 :
Coupling parameters : 
g2 = 40.8829  +- 171.432
Mrho2 = 0.273929  +- 0.268917

g = 5.63291 +- 3.02618
Mrho = 0.513613 (0.871602 GeV) +- 0.0101357 (0.170847 GeV)
--------------------------------------------------------------------

********************************************************************

--------------------------------------------------------------------
Performing Luscher analysis with sin^2(delta) fit :
